
> portfolio@0.1.0 build
> next build

Ôû▓ Next.js 16.1.6 (Turbopack)

node.exe : ÔÜá The "middleware" file 
convention is deprecated. Please use 
"proxy" instead. Learn more: https://ne
xtjs.org/docs/messages/middleware-to-pr
oxy
At line:1 char:1
+ & "C:\Program Files\nodejs/node.exe" 
"C:\Program Files\nodejs/node_mo ...
+ ~~~~~~~~~~~~~~~~~~~~~~~~~~~~~~~~~~~~~
~~~~~~~~~~~~~~~~~~~~~~~~~~~~~~~~
    + CategoryInfo          : NotSpeci 
   fied: (ÔÜá The "middle...leware-to  
  -proxy:String) [], RemoteException
    + FullyQualifiedErrorId : NativeCo 
   mmandError
 
  Creating an optimized production build ...
Ô£ô Compiled successfully in 7.3s
  Running TypeScript ...
  Collecting page data using 21 workers ...
  Generating static pages using 21 workers (0/6) ...
Error occurred prerendering page 
"/fr". Read more: https://nextjs.org/do
cs/messages/prerender-error
TypeError: Cannot read properties of 
undefined (reading 'title')
    at o (C:\Users\PULS\.gemini\antigra
vity\scratch\portfolio\.next\server\chu
nks\ssr\_20a9418f._.js:401:5851) {
  digest: '3868182098'
}
Export encountered an error on 
/[locale]/page: /fr, exiting the build.
Ô¿» Next.js build worker exited with 
code: 1 and signal: null
